components/language-provider.tsx(130,13): error TS1117: An object literal cannot have multiple properties with the same name.
components/language-provider.tsx(263,13): error TS1117: An object literal cannot have multiple properties with the same name.
